Lattice Timing Report -  Setup  and Hold, Version Radiant Software (64-bit) 2024.2.0.3.0

Wed Sep 10 04:23:14 2025

Copyright (c) 1991-1994 by NeoCAD Inc. All rights reserved.
Copyright (c) 1995 AT&T Corp.   All rights reserved.
Copyright (c) 1995-2001 Lucent Technologies Inc.  All rights reserved.
Copyright (c) 2001 Agere Systems   All rights reserved.
Copyright (c) 2002-2024 Lattice Semiconductor Corporation,  All rights reserved.

Command line:    timing -sethld -v 10 -u 10 -endpoints 10 -nperend 1 -sp High-Performance_1.2V -hsp m -pwrprd -html -rpt lab2_impl_1.twr lab2_impl_1.udb -gui -msgset C:/Users/mkan/Documents/GitHub/e155-lab2/lab2/promote.xml

-----------------------------------------
Design:          lab2_mk_top
Family:          iCE40UP
Device:          iCE40UP5K
Package:         SG48
Performance:     High-Performance_1.2V
Package Status:                     Preliminary    Version 1.5
**Performance Hardware Data Status :   Advanced Version 1.0
-----------------------------------------


=====================================================================
                    Table of Contents
=====================================================================
    1  Timing Overview
        1.1  SDC Constraints
        1.2  Constraint Coverage
        1.3  Overall Summary
        1.4  Unconstrained Report
        1.5  Combinational Loop
    2  Setup at Speed Grade High-Performance_1.2V Corner at 100 Degrees
        2.1  Clock Summary
        2.2  Endpoint slacks
        2.3  Detailed Report
    3  Hold at Speed Grade m Corner at -40 Degrees
        3.1  Endpoint slacks
        3.2  Detailed Report

=====================================================================
                    End of Table of Contents
=====================================================================

==============================================
1  Timing Overview
==============================================

1.1  SDC Constraints
=====================
create_clock -name {clk} -period 41.6667 [get_pins {hf_osc.osc_inst/CLKHF }] 

1.2  Constraint Coverage
---------------------------
Constraint Coverage: 66.4804%


1.3  Overall Summary
---------------------------
 Setup at Speed Grade High-Performance_1.2V Corner at 100 Degrees     Timing Errors: 0 endpoints;  Total Negative Slack: 0.000 ns 
 Hold at Speed Grade m Corner at -40 Degrees                          Timing Errors: 0 endpoints;  Total Negative Slack: 0.000 ns 

1.4  Unconstrained Report
===========================

1.4.1  Unconstrained Start/End Points
--------------------------------------

Clocked but unconstrained timing start points
-------------------------------------------------------------------
        Listing 10 Start Points         |           Type           
-------------------------------------------------------------------
led_i5/Q                                |          No required time
anode1_i1/PADDO                         |          No required time
seg_i7/PADDO                            |          No required time
seg_i6/PADDO                            |          No required time
anode0_i0/PADDO                         |          No required time
seg_i5/PADDO                            |          No required time
seg_i4/PADDO                            |          No required time
seg_i3/PADDO                            |          No required time
seg_i2/PADDO                            |          No required time
seg_i1/PADDO                            |          No required time
-------------------------------------------------------------------
                                        |                          
Number of unconstrained timing start po |                          
ints                                    |                        14
                                        |                          
-------------------------------------------------------------------

Clocked but unconstrained timing end points
-------------------------------------------------------------------
          Listing 6 End Points          |           Type           
-------------------------------------------------------------------
led_i5/D                                |           No arrival time
led_i5/SR                               |           No arrival time
led_i4/DO0                              |           No arrival time
led_i3/DO0                              |           No arrival time
led_i2/DO0                              |           No arrival time
led_i1/DO0                              |           No arrival time
-------------------------------------------------------------------
                                        |                          
Number of unconstrained timing end poin |                          
ts                                      |                         6
                                        |                          
-------------------------------------------------------------------

1.4.2  Start/End Points Without Timing Constraints
---------------------------------------------------

I/O ports without constraint
----------------------------
Possible constraints to use on I/O ports are:
set_input_delay,
set_output_delay,
set_max_delay,
create_clock,
create_generated_clock,
...

-------------------------------------------------------------------
     Listing 10 Start or End Points     |           Type           
-------------------------------------------------------------------
s1[0]                                   |                     input
s1[1]                                   |                     input
s1[2]                                   |                     input
s1[3]                                   |                     input
s0[0]                                   |                     input
s0[1]                                   |                     input
s0[2]                                   |                     input
s0[3]                                   |                     input
anode1                                  |                    output
anode0                                  |                    output
-------------------------------------------------------------------
                                        |                          
Number of I/O ports without constraint  |                        22
                                        |                          
-------------------------------------------------------------------

Nets without clock definition
Define a clock on a top level port or a generated clock on a clock divider pin associated with this net(s).
--------------------------------------------------
There is no instance satisfying reporting criteria



1.5  Combinational Loop
========================
None

===============================================================
2  Setup at Speed Grade High-Performance_1.2V Corner at 100 Degrees
===============================================================

2.1  Clock Summary
=======================

2.1.1 Clock "clk"
=======================
create_clock -name {clk} -period 41.6667 [get_pins {hf_osc.osc_inst/CLKHF }] 

Single Clock Domain
-------------------------------------------------------------------------------------------------------
               Clock clk                |                    |       Period       |     Frequency      
-------------------------------------------------------------------------------------------------------
 From clk                               |             Target |          41.667 ns |         24.000 MHz 
                                        | Actual (all paths) |          20.792 ns |         48.095 MHz 
hf_osc.osc_inst/CLKHF (MPW)             |   (50% duty cycle) |          20.792 ns |         48.095 MHz 
-------------------------------------------------------------------------------------------------------

Clock Domain Crossing

2.2  Endpoint slacks
=======================
-------------------------------------------------------
          Listing 10 End Points          |    Slack    
-------------------------------------------------------
seg_i3/DO0                               |   29.768 ns 
seg_i5/DO0                               |   29.874 ns 
seg_i6/DO0                               |   29.874 ns 
seg_i1/DO0                               |   29.940 ns 
seg_i2/DO0                               |   29.940 ns 
seg_i4/DO0                               |   30.878 ns 
seg_i7/DO0                               |   30.878 ns 
count/counter_14__i18/D                  |   31.037 ns 
count/counter_14__i17/D                  |   31.314 ns 
count/counter_14__i16/D                  |   31.591 ns 
-------------------------------------------------------
                                         |             
Setup # of endpoints with negative slack:|           0 
                                         |             
-------------------------------------------------------

2.3  Detailed Report
=======================


XXXXXXXXXXXXXXXXXXXXXXXXXXXXXXXXXXXXXXXXXXXXXXXXXXXXXXXXXX

Detail report of critical paths

XXXXXXXXXXXXXXXXXXXXXXXXXXXXXXXXXXXXXXXXXXXXXXXXXXXXXXXXXX

 +++++++++++++++++++++++++++++++++++++++++++++++++++++++++++++++++++++
                    Detailed Report for timing paths 
 +++++++++++++++++++++++++++++++++++++++++++++++++++++++++++++++++++++

 ++++Path 1  ++++++++++++++++++++++++++++++++++++++++++++++++++++++++++

Path Begin       : count/counter_14__i18/Q  (SLICE_R9C8B)
Path End         : seg_i3/DO0  (IOLOGIC_IOL_L14B)
Source Clock     : clk (R)
Destination Clock: clk (R)
Logic Level      : 3
Delay Ratio      : 80.5% (route), 19.5% (logic)
Clock Skew       : 0.000 ns 
Setup Constraint : 41.666 ns 
Path Slack       : 29.767 ns  (Passed)


Source Clock Path
Name                                      Cell/Site Name     Delay Name       Incr      Arrival/Required Time  Fanout  
----------------------------------------  -----------------  ---------------  --------  ---------------------  ------  
hf_osc.osc_inst/CLKHF                     HFOSC_HFOSC_R1C32  CLOCK LATENCY       0.000                  0.000  25      
count/clk                                                    NET DELAY           5.499                  5.499  25      
count/counter_14__i18/CK                                     CLOCK PIN           0.000                  5.499  1       


Data Path
Name                                      Cell/Site Name     Delay Name       Incr      Arrival/Required Time  Fanout  
----------------------------------------  -----------------  ---------------  --------  ---------------------  ------  
count/counter_14__i18/CK->count/counter_14__i18/Q
                                          SLICE_R9C8B        CLK_TO_Q0_DELAY     1.388                  6.887  7       
driver/mux0/clk_div                                          NET DELAY           3.648                 10.535  7       
driver/mux0/s0_c_2_I_0_3_lut/C->driver/mux0/s0_c_2_I_0_3_lut/Z
                                          SLICE_R11C2A       C0_TO_F0_DELAY      0.449                 10.984  7       
driver/display0/s_in[2]                                      NET DELAY           2.485                 13.469  7       
driver/display0/seg_int_2__I_0_4_lut_4_lut/B->driver/display0/seg_int_2__I_0_4_lut_4_lut/Z
                                          SLICE_R11C2B       B1_TO_F1_DELAY      0.449                 13.918  1       
driver/display0/seg_int[2]                                   NET DELAY           3.278                 17.196  1       
seg_i3/DO0                                                   ENDPOINT            0.000                 17.196  1       


Destination Clock Path
Name                                      Cell/Site Name     Delay Name       Incr      Arrival/Required Time  Fanout  
----------------------------------------  -----------------  ---------------  --------  ---------------------  ------  
                                                             CONSTRAINT          0.000                 41.666  1       
hf_osc.osc_inst/CLKHF                     HFOSC_HFOSC_R1C32  CLOCK LATENCY       0.000                 41.666  25      
count/clk                                                    NET DELAY           5.499                 47.165  25      
seg_i3/OUTCLK                                                CLOCK PIN           0.000                 47.165  1       
                                                             Uncertainty      -(0.000)                 47.165  
                                                             Setup time       -(0.202)                 46.963  
----------------------------------------  -----------------  ---------------  --------  ---------------------  ------  
Required Time                                                                                          46.963  
Arrival Time                                                                                        -(17.195)  
----------------------------------------  -----------------  ---------------  --------  ---------------------  ------  
Path Slack  (Passed)                                                                                   29.767  




++++ Path 2 ++++++++++++++++++++++++++++++++++++++++++++++++++++++++++ 

Path Begin       : count/counter_14__i18/Q  (SLICE_R9C8B)
Path End         : seg_i5/DO0  (IOLOGIC_IOL_L7A)
Source Clock     : clk (R)
Destination Clock: clk (R)
Logic Level      : 3
Delay Ratio      : 80.3% (route), 19.7% (logic)
Clock Skew       : 0.000 ns 
Setup Constraint : 41.666 ns 
Path Slack       : 29.873 ns  (Passed)


Source Clock Path
Name                                      Cell/Site Name     Delay Name       Incr      Arrival/Required Time  Fanout  
----------------------------------------  -----------------  ---------------  --------  ---------------------  ------  
hf_osc.osc_inst/CLKHF                     HFOSC_HFOSC_R1C32  CLOCK LATENCY       0.000                  0.000  25      
count/clk                                                    NET DELAY           5.499                  5.499  25      
count/counter_14__i18/CK                                     CLOCK PIN           0.000                  5.499  1       


Data Path
Name                                      Cell/Site Name     Delay Name       Incr      Arrival/Required Time  Fanout  
----------------------------------------  -----------------  ---------------  --------  ---------------------  ------  
count/counter_14__i18/CK->count/counter_14__i18/Q
                                          SLICE_R9C8B        CLK_TO_Q0_DELAY     1.388                  6.887  7       
driver/mux0/clk_div                                          NET DELAY           3.648                 10.535  7       
driver/mux0/s0_c_2_I_0_3_lut/C->driver/mux0/s0_c_2_I_0_3_lut/Z
                                          SLICE_R11C2A       C0_TO_F0_DELAY      0.449                 10.984  7       
driver/display0/s_in[2]                                      NET DELAY           2.551                 13.535  7       
driver/display0/seg_int_4__I_0_4_lut/D->driver/display0/seg_int_4__I_0_4_lut/Z
                                          SLICE_R10C2D       A1_TO_F1_DELAY      0.449                 13.984  1       
driver/display0/seg_int[4]                                   NET DELAY           3.106                 17.090  1       
seg_i5/DO0                                                   ENDPOINT            0.000                 17.090  1       


Destination Clock Path
Name                                      Cell/Site Name     Delay Name       Incr      Arrival/Required Time  Fanout  
----------------------------------------  -----------------  ---------------  --------  ---------------------  ------  
                                                             CONSTRAINT          0.000                 41.666  1       
hf_osc.osc_inst/CLKHF                     HFOSC_HFOSC_R1C32  CLOCK LATENCY       0.000                 41.666  25      
count/clk                                                    NET DELAY           5.499                 47.165  25      
seg_i5/OUTCLK                                                CLOCK PIN           0.000                 47.165  1       
                                                             Uncertainty      -(0.000)                 47.165  
                                                             Setup time       -(0.202)                 46.963  
----------------------------------------  -----------------  ---------------  --------  ---------------------  ------  
Required Time                                                                                          46.963  
Arrival Time                                                                                        -(17.089)  
----------------------------------------  -----------------  ---------------  --------  ---------------------  ------  
Path Slack  (Passed)                                                                                   29.873  




++++ Path 3 ++++++++++++++++++++++++++++++++++++++++++++++++++++++++++ 

Path Begin       : count/counter_14__i18/Q  (SLICE_R9C8B)
Path End         : seg_i6/DO0  (IOLOGIC_IOL_L7B)
Source Clock     : clk (R)
Destination Clock: clk (R)
Logic Level      : 3
Delay Ratio      : 80.3% (route), 19.7% (logic)
Clock Skew       : 0.000 ns 
Setup Constraint : 41.666 ns 
Path Slack       : 29.873 ns  (Passed)


Source Clock Path
Name                                      Cell/Site Name     Delay Name       Incr      Arrival/Required Time  Fanout  
----------------------------------------  -----------------  ---------------  --------  ---------------------  ------  
hf_osc.osc_inst/CLKHF                     HFOSC_HFOSC_R1C32  CLOCK LATENCY       0.000                  0.000  25      
count/clk                                                    NET DELAY           5.499                  5.499  25      
count/counter_14__i18/CK                                     CLOCK PIN           0.000                  5.499  1       


Data Path
Name                                      Cell/Site Name     Delay Name       Incr      Arrival/Required Time  Fanout  
----------------------------------------  -----------------  ---------------  --------  ---------------------  ------  
count/counter_14__i18/CK->count/counter_14__i18/Q
                                          SLICE_R9C8B        CLK_TO_Q0_DELAY     1.388                  6.887  7       
driver/mux0/clk_div                                          NET DELAY           3.648                 10.535  7       
driver/mux0/s0_c_0_I_0_3_lut/C->driver/mux0/s0_c_0_I_0_3_lut/Z
                                          SLICE_R11C2D       C0_TO_F0_DELAY      0.449                 10.984  7       
driver/display0/s_in[0]                                      NET DELAY           2.551                 13.535  7       
driver/display0/seg_int_5__I_0_4_lut_4_lut/A->driver/display0/seg_int_5__I_0_4_lut_4_lut/Z
                                          SLICE_R10C2D       A0_TO_F0_DELAY      0.449                 13.984  1       
driver/display0/seg_int[5]                                   NET DELAY           3.106                 17.090  1       
seg_i6/DO0                                                   ENDPOINT            0.000                 17.090  1       


Destination Clock Path
Name                                      Cell/Site Name     Delay Name       Incr      Arrival/Required Time  Fanout  
----------------------------------------  -----------------  ---------------  --------  ---------------------  ------  
                                                             CONSTRAINT          0.000                 41.666  1       
hf_osc.osc_inst/CLKHF                     HFOSC_HFOSC_R1C32  CLOCK LATENCY       0.000                 41.666  25      
count/clk                                                    NET DELAY           5.499                 47.165  25      
seg_i6/OUTCLK                                                CLOCK PIN           0.000                 47.165  1       
                                                             Uncertainty      -(0.000)                 47.165  
                                                             Setup time       -(0.202)                 46.963  
----------------------------------------  -----------------  ---------------  --------  ---------------------  ------  
Required Time                                                                                          46.963  
Arrival Time                                                                                        -(17.089)  
----------------------------------------  -----------------  ---------------  --------  ---------------------  ------  
Path Slack  (Passed)                                                                                   29.873  




++++ Path 4 ++++++++++++++++++++++++++++++++++++++++++++++++++++++++++ 

Path Begin       : count/counter_14__i18/Q  (SLICE_R9C8B)
Path End         : seg_i1/DO0  (IOLOGIC_IOL_L8A)
Source Clock     : clk (R)
Destination Clock: clk (R)
Logic Level      : 3
Delay Ratio      : 80.2% (route), 19.8% (logic)
Clock Skew       : 0.000 ns 
Setup Constraint : 41.666 ns 
Path Slack       : 29.939 ns  (Passed)


Source Clock Path
Name                                      Cell/Site Name     Delay Name       Incr      Arrival/Required Time  Fanout  
----------------------------------------  -----------------  ---------------  --------  ---------------------  ------  
hf_osc.osc_inst/CLKHF                     HFOSC_HFOSC_R1C32  CLOCK LATENCY       0.000                  0.000  25      
count/clk                                                    NET DELAY           5.499                  5.499  25      
count/counter_14__i18/CK                                     CLOCK PIN           0.000                  5.499  1       


Data Path
Name                                      Cell/Site Name     Delay Name       Incr      Arrival/Required Time  Fanout  
----------------------------------------  -----------------  ---------------  --------  ---------------------  ------  
count/counter_14__i18/CK->count/counter_14__i18/Q
                                          SLICE_R9C8B        CLK_TO_Q0_DELAY     1.388                  6.887  7       
driver/mux0/clk_div                                          NET DELAY           3.648                 10.535  7       
driver/mux0/s0_c_2_I_0_3_lut/C->driver/mux0/s0_c_2_I_0_3_lut/Z
                                          SLICE_R11C2A       C0_TO_F0_DELAY      0.449                 10.984  7       
driver/display0/s_in[2]                                      NET DELAY           2.485                 13.469  7       
driver/display0/s_in_3__I_0_4_lut_4_lut/C->driver/display0/s_in_3__I_0_4_lut_4_lut/Z
                                          SLICE_R10C2C       B0_TO_F0_DELAY      0.449                 13.918  1       
driver/display0/seg_int[0]                                   NET DELAY           3.106                 17.024  1       
seg_i1/DO0                                                   ENDPOINT            0.000                 17.024  1       


Destination Clock Path
Name                                      Cell/Site Name     Delay Name       Incr      Arrival/Required Time  Fanout  
----------------------------------------  -----------------  ---------------  --------  ---------------------  ------  
                                                             CONSTRAINT          0.000                 41.666  1       
hf_osc.osc_inst/CLKHF                     HFOSC_HFOSC_R1C32  CLOCK LATENCY       0.000                 41.666  25      
count/clk                                                    NET DELAY           5.499                 47.165  25      
seg_i1/OUTCLK                                                CLOCK PIN           0.000                 47.165  1       
                                                             Uncertainty      -(0.000)                 47.165  
                                                             Setup time       -(0.202)                 46.963  
----------------------------------------  -----------------  ---------------  --------  ---------------------  ------  
Required Time                                                                                          46.963  
Arrival Time                                                                                        -(17.023)  
----------------------------------------  -----------------  ---------------  --------  ---------------------  ------  
Path Slack  (Passed)                                                                                   29.939  




++++ Path 5 ++++++++++++++++++++++++++++++++++++++++++++++++++++++++++ 

Path Begin       : count/counter_14__i18/Q  (SLICE_R9C8B)
Path End         : seg_i2/DO0  (IOLOGIC_IOL_L8B)
Source Clock     : clk (R)
Destination Clock: clk (R)
Logic Level      : 3
Delay Ratio      : 80.2% (route), 19.8% (logic)
Clock Skew       : 0.000 ns 
Setup Constraint : 41.666 ns 
Path Slack       : 29.939 ns  (Passed)


Source Clock Path
Name                                      Cell/Site Name     Delay Name       Incr      Arrival/Required Time  Fanout  
----------------------------------------  -----------------  ---------------  --------  ---------------------  ------  
hf_osc.osc_inst/CLKHF                     HFOSC_HFOSC_R1C32  CLOCK LATENCY       0.000                  0.000  25      
count/clk                                                    NET DELAY           5.499                  5.499  25      
count/counter_14__i18/CK                                     CLOCK PIN           0.000                  5.499  1       


Data Path
Name                                      Cell/Site Name     Delay Name       Incr      Arrival/Required Time  Fanout  
----------------------------------------  -----------------  ---------------  --------  ---------------------  ------  
count/counter_14__i18/CK->count/counter_14__i18/Q
                                          SLICE_R9C8B        CLK_TO_Q0_DELAY     1.388                  6.887  7       
driver/mux0/clk_div                                          NET DELAY           3.648                 10.535  7       
driver/mux0/s0_c_2_I_0_3_lut/C->driver/mux0/s0_c_2_I_0_3_lut/Z
                                          SLICE_R11C2A       C0_TO_F0_DELAY      0.449                 10.984  7       
driver/display0/s_in[2]                                      NET DELAY           2.485                 13.469  7       
driver/display0/seg_int_1__I_0_4_lut_4_lut/C->driver/display0/seg_int_1__I_0_4_lut_4_lut/Z
                                          SLICE_R11C2D       B1_TO_F1_DELAY      0.449                 13.918  1       
driver/display0/seg_int[1]                                   NET DELAY           3.106                 17.024  1       
seg_i2/DO0                                                   ENDPOINT            0.000                 17.024  1       


Destination Clock Path
Name                                      Cell/Site Name     Delay Name       Incr      Arrival/Required Time  Fanout  
----------------------------------------  -----------------  ---------------  --------  ---------------------  ------  
                                                             CONSTRAINT          0.000                 41.666  1       
hf_osc.osc_inst/CLKHF                     HFOSC_HFOSC_R1C32  CLOCK LATENCY       0.000                 41.666  25      
count/clk                                                    NET DELAY           5.499                 47.165  25      
seg_i2/OUTCLK                                                CLOCK PIN           0.000                 47.165  1       
                                                             Uncertainty      -(0.000)                 47.165  
                                                             Setup time       -(0.202)                 46.963  
----------------------------------------  -----------------  ---------------  --------  ---------------------  ------  
Required Time                                                                                          46.963  
Arrival Time                                                                                        -(17.023)  
----------------------------------------  -----------------  ---------------  --------  ---------------------  ------  
Path Slack  (Passed)                                                                                   29.939  




++++ Path 6 ++++++++++++++++++++++++++++++++++++++++++++++++++++++++++ 

Path Begin       : count/counter_14__i18/Q  (SLICE_R9C8B)
Path End         : seg_i4/DO0  (IOLOGIC_IOL_L10A)
Source Clock     : clk (R)
Destination Clock: clk (R)
Logic Level      : 3
Delay Ratio      : 78.4% (route), 21.6% (logic)
Clock Skew       : 0.000 ns 
Setup Constraint : 41.666 ns 
Path Slack       : 30.877 ns  (Passed)


Source Clock Path
Name                                      Cell/Site Name     Delay Name       Incr      Arrival/Required Time  Fanout  
----------------------------------------  -----------------  ---------------  --------  ---------------------  ------  
hf_osc.osc_inst/CLKHF                     HFOSC_HFOSC_R1C32  CLOCK LATENCY       0.000                  0.000  25      
count/clk                                                    NET DELAY           5.499                  5.499  25      
count/counter_14__i18/CK                                     CLOCK PIN           0.000                  5.499  1       


Data Path
Name                                      Cell/Site Name     Delay Name       Incr      Arrival/Required Time  Fanout  
----------------------------------------  -----------------  ---------------  --------  ---------------------  ------  
count/counter_14__i18/CK->count/counter_14__i18/Q
                                          SLICE_R9C8B        CLK_TO_Q0_DELAY     1.388                  6.887  7       
driver/mux0/clk_div                                          NET DELAY           3.648                 10.535  7       
driver/mux0/s0_c_2_I_0_3_lut/C->driver/mux0/s0_c_2_I_0_3_lut/Z
                                          SLICE_R11C2A       C0_TO_F0_DELAY      0.449                 10.984  7       
driver/display0/s_in[2]                                      NET DELAY           2.485                 13.469  7       
driver/display0/seg_int_3__I_0_3_lut_4_lut/C->driver/display0/seg_int_3__I_0_3_lut_4_lut/Z
                                          SLICE_R10C2B       B0_TO_F0_DELAY      0.449                 13.918  1       
driver/display0/seg_int[3]                                   NET DELAY           2.168                 16.086  1       
seg_i4/DO0                                                   ENDPOINT            0.000                 16.086  1       


Destination Clock Path
Name                                      Cell/Site Name     Delay Name       Incr      Arrival/Required Time  Fanout  
----------------------------------------  -----------------  ---------------  --------  ---------------------  ------  
                                                             CONSTRAINT          0.000                 41.666  1       
hf_osc.osc_inst/CLKHF                     HFOSC_HFOSC_R1C32  CLOCK LATENCY       0.000                 41.666  25      
count/clk                                                    NET DELAY           5.499                 47.165  25      
seg_i4/OUTCLK                                                CLOCK PIN           0.000                 47.165  1       
                                                             Uncertainty      -(0.000)                 47.165  
                                                             Setup time       -(0.202)                 46.963  
----------------------------------------  -----------------  ---------------  --------  ---------------------  ------  
Required Time                                                                                          46.963  
Arrival Time                                                                                        -(16.085)  
----------------------------------------  -----------------  ---------------  --------  ---------------------  ------  
Path Slack  (Passed)                                                                                   30.877  




++++ Path 7 ++++++++++++++++++++++++++++++++++++++++++++++++++++++++++ 

Path Begin       : count/counter_14__i18/Q  (SLICE_R9C8B)
Path End         : seg_i7/DO0  (IOLOGIC_IOL_L10B)
Source Clock     : clk (R)
Destination Clock: clk (R)
Logic Level      : 3
Delay Ratio      : 78.4% (route), 21.6% (logic)
Clock Skew       : 0.000 ns 
Setup Constraint : 41.666 ns 
Path Slack       : 30.877 ns  (Passed)


Source Clock Path
Name                                      Cell/Site Name     Delay Name       Incr      Arrival/Required Time  Fanout  
----------------------------------------  -----------------  ---------------  --------  ---------------------  ------  
hf_osc.osc_inst/CLKHF                     HFOSC_HFOSC_R1C32  CLOCK LATENCY       0.000                  0.000  25      
count/clk                                                    NET DELAY           5.499                  5.499  25      
count/counter_14__i18/CK                                     CLOCK PIN           0.000                  5.499  1       


Data Path
Name                                      Cell/Site Name     Delay Name       Incr      Arrival/Required Time  Fanout  
----------------------------------------  -----------------  ---------------  --------  ---------------------  ------  
count/counter_14__i18/CK->count/counter_14__i18/Q
                                          SLICE_R9C8B        CLK_TO_Q0_DELAY     1.388                  6.887  7       
driver/mux0/clk_div                                          NET DELAY           3.648                 10.535  7       
driver/mux0/s0_c_0_I_0_3_lut/C->driver/mux0/s0_c_0_I_0_3_lut/Z
                                          SLICE_R11C2D       C0_TO_F0_DELAY      0.449                 10.984  7       
driver/display0/s_in[0]                                      NET DELAY           2.485                 13.469  7       
driver/display0/seg_int_6__I_0_4_lut/A->driver/display0/seg_int_6__I_0_4_lut/Z
                                          SLICE_R11C2A       B1_TO_F1_DELAY      0.449                 13.918  1       
driver/display0/seg_int[6]                                   NET DELAY           2.168                 16.086  1       
seg_i7/DO0                                                   ENDPOINT            0.000                 16.086  1       


Destination Clock Path
Name                                      Cell/Site Name     Delay Name       Incr      Arrival/Required Time  Fanout  
----------------------------------------  -----------------  ---------------  --------  ---------------------  ------  
                                                             CONSTRAINT          0.000                 41.666  1       
hf_osc.osc_inst/CLKHF                     HFOSC_HFOSC_R1C32  CLOCK LATENCY       0.000                 41.666  25      
count/clk                                                    NET DELAY           5.499                 47.165  25      
seg_i7/OUTCLK                                                CLOCK PIN           0.000                 47.165  1       
                                                             Uncertainty      -(0.000)                 47.165  
                                                             Setup time       -(0.202)                 46.963  
----------------------------------------  -----------------  ---------------  --------  ---------------------  ------  
Required Time                                                                                          46.963  
Arrival Time                                                                                        -(16.085)  
----------------------------------------  -----------------  ---------------  --------  ---------------------  ------  
Path Slack  (Passed)                                                                                   30.877  




++++ Path 8 ++++++++++++++++++++++++++++++++++++++++++++++++++++++++++ 

Path Begin       : count/counter_14__i1/Q  (SLICE_R9C6A)
Path End         : count/counter_14__i18/D  (SLICE_R9C8B)
Source Clock     : clk (R)
Destination Clock: clk (R)
Logic Level      : 19
Delay Ratio      : 36.4% (route), 63.6% (logic)
Clock Skew       : 0.000 ns 
Setup Constraint : 41.666 ns 
Path Slack       : 31.036 ns  (Passed)


Source Clock Path
Name                                      Cell/Site Name     Delay Name           Incr      Arrival/Required Time  Fanout  
----------------------------------------  -----------------  -------------------  --------  ---------------------  ------  
hf_osc.osc_inst/CLKHF                     HFOSC_HFOSC_R1C32  CLOCK LATENCY           0.000                  0.000  25      
count/clk                                                    NET DELAY               5.499                  5.499  25      
count/counter_14__i1/CK                                      CLOCK PIN               0.000                  5.499  1       


Data Path
Name                                      Cell/Site Name     Delay Name           Incr      Arrival/Required Time  Fanout  
----------------------------------------  -----------------  -------------------  --------  ---------------------  ------  
count/counter_14__i1/CK->count/counter_14__i1/Q
                                          SLICE_R9C6A        CLK_TO_Q1_DELAY         1.388                  6.887  1       
count/n18                                                    NET DELAY               2.022                  8.909  1       
count/counter_14_add_4_1/C1->count/counter_14_add_4_1/CO1
                                          SLICE_R9C6A        C1_TO_COUT1_DELAY       0.343                  9.252  2       
count/n240                                                   NET DELAY               0.000                  9.252  2       
count/counter_14_add_4_3/CI0->count/counter_14_add_4_3/CO0
                                          SLICE_R9C6B        CIN0_TO_COUT0_DELAY     0.277                  9.529  2       
count/n586                                                   NET DELAY               0.000                  9.529  2       
count/counter_14_add_4_3/CI1->count/counter_14_add_4_3/CO1
                                          SLICE_R9C6B        CIN1_TO_COUT1_DELAY     0.277                  9.806  2       
count/n242                                                   NET DELAY               0.000                  9.806  2       
count/counter_14_add_4_5/CI0->count/counter_14_add_4_5/CO0
                                          SLICE_R9C6C        CIN0_TO_COUT0_DELAY     0.277                 10.083  2       
count/n589                                                   NET DELAY               0.000                 10.083  2       
count/counter_14_add_4_5/CI1->count/counter_14_add_4_5/CO1
                                          SLICE_R9C6C        CIN1_TO_COUT1_DELAY     0.277                 10.360  2       
count/n244                                                   NET DELAY               0.000                 10.360  2       
count/counter_14_add_4_7/CI0->count/counter_14_add_4_7/CO0
                                          SLICE_R9C6D        CIN0_TO_COUT0_DELAY     0.277                 10.637  2       
count/n592                                                   NET DELAY               0.000                 10.637  2       
count/counter_14_add_4_7/CI1->count/counter_14_add_4_7/CO1
                                          SLICE_R9C6D        CIN1_TO_COUT1_DELAY     0.277                 10.914  2       
count/n246                                                   NET DELAY               0.555                 11.469  2       
count/counter_14_add_4_9/CI0->count/counter_14_add_4_9/CO0
                                          SLICE_R9C7A        CIN0_TO_COUT0_DELAY     0.277                 11.746  2       
count/n595                                                   NET DELAY               0.000                 11.746  2       
count/counter_14_add_4_9/CI1->count/counter_14_add_4_9/CO1
                                          SLICE_R9C7A        CIN1_TO_COUT1_DELAY     0.277                 12.023  2       
count/n248                                                   NET DELAY               0.000                 12.023  2       
count/counter_14_add_4_11/CI0->count/counter_14_add_4_11/CO0
                                          SLICE_R9C7B        CIN0_TO_COUT0_DELAY     0.277                 12.300  2       
count/n598                                                   NET DELAY               0.000                 12.300  2       
count/counter_14_add_4_11/CI1->count/counter_14_add_4_11/CO1
                                          SLICE_R9C7B        CIN1_TO_COUT1_DELAY     0.277                 12.577  2       
count/n250                                                   NET DELAY               0.000                 12.577  2       
count/counter_14_add_4_13/CI0->count/counter_14_add_4_13/CO0
                                          SLICE_R9C7C        CIN0_TO_COUT0_DELAY     0.277                 12.854  2       
count/n601                                                   NET DELAY               0.000                 12.854  2       
count/counter_14_add_4_13/CI1->count/counter_14_add_4_13/CO1
                                          SLICE_R9C7C        CIN1_TO_COUT1_DELAY     0.277                 13.131  2       
count/n252                                                   NET DELAY               0.000                 13.131  2       
count/counter_14_add_4_15/CI0->count/counter_14_add_4_15/CO0
                                          SLICE_R9C7D        CIN0_TO_COUT0_DELAY     0.277                 13.408  2       
count/n604                                                   NET DELAY               0.000                 13.408  2       
count/counter_14_add_4_15/CI1->count/counter_14_add_4_15/CO1
                                          SLICE_R9C7D        CIN1_TO_COUT1_DELAY     0.277                 13.685  2       
count/n254                                                   NET DELAY               0.555                 14.240  2       
count/counter_14_add_4_17/CI0->count/counter_14_add_4_17/CO0
                                          SLICE_R9C8A        CIN0_TO_COUT0_DELAY     0.277                 14.517  2       
count/n607                                                   NET DELAY               0.000                 14.517  2       
count/counter_14_add_4_17/CI1->count/counter_14_add_4_17/CO1
                                          SLICE_R9C8A        CIN1_TO_COUT1_DELAY     0.277                 14.794  2       
count/n256                                                   NET DELAY               0.661                 15.455  2       
count/counter_14_add_4_19/D0->count/counter_14_add_4_19/S0
                                          SLICE_R9C8B        D0_TO_F0_DELAY          0.476                 15.931  1       
count/clk_div_N_24[17]                                       NET DELAY               0.000                 15.931  1       
count/counter_14__i18/D                                      ENDPOINT                0.000                 15.931  1       


Destination Clock Path
Name                                      Cell/Site Name     Delay Name           Incr      Arrival/Required Time  Fanout  
----------------------------------------  -----------------  -------------------  --------  ---------------------  ------  
                                                             CONSTRAINT              0.000                 41.666  1       
hf_osc.osc_inst/CLKHF                     HFOSC_HFOSC_R1C32  CLOCK LATENCY           0.000                 41.666  25      
count/clk                                                    NET DELAY               5.499                 47.165  25      
count/counter_14__i18/CK                                     CLOCK PIN               0.000                 47.165  1       
                                                             Uncertainty          -(0.000)                 47.165  
                                                             Setup time           -(0.198)                 46.967  
----------------------------------------  -----------------  -------------------  --------  ---------------------  ------  
Required Time                                                                                              46.967  
Arrival Time                                                                                            -(15.930)  
----------------------------------------  -----------------  -------------------  --------  ---------------------  ------  
Path Slack  (Passed)                                                                                       31.036  




++++ Path 9 ++++++++++++++++++++++++++++++++++++++++++++++++++++++++++ 

Path Begin       : count/counter_14__i1/Q  (SLICE_R9C6A)
Path End         : count/counter_14__i17/D  (SLICE_R9C8A)
Source Clock     : clk (R)
Destination Clock: clk (R)
Logic Level      : 18
Delay Ratio      : 37.4% (route), 62.6% (logic)
Clock Skew       : 0.000 ns 
Setup Constraint : 41.666 ns 
Path Slack       : 31.313 ns  (Passed)


Source Clock Path
Name                                      Cell/Site Name     Delay Name           Incr      Arrival/Required Time  Fanout  
----------------------------------------  -----------------  -------------------  --------  ---------------------  ------  
hf_osc.osc_inst/CLKHF                     HFOSC_HFOSC_R1C32  CLOCK LATENCY           0.000                  0.000  25      
count/clk                                                    NET DELAY               5.499                  5.499  25      
count/counter_14__i1/CK                                      CLOCK PIN               0.000                  5.499  1       


Data Path
Name                                      Cell/Site Name     Delay Name           Incr      Arrival/Required Time  Fanout  
----------------------------------------  -----------------  -------------------  --------  ---------------------  ------  
count/counter_14__i1/CK->count/counter_14__i1/Q
                                          SLICE_R9C6A        CLK_TO_Q1_DELAY         1.388                  6.887  1       
count/n18                                                    NET DELAY               2.022                  8.909  1       
count/counter_14_add_4_1/C1->count/counter_14_add_4_1/CO1
                                          SLICE_R9C6A        C1_TO_COUT1_DELAY       0.343                  9.252  2       
count/n240                                                   NET DELAY               0.000                  9.252  2       
count/counter_14_add_4_3/CI0->count/counter_14_add_4_3/CO0
                                          SLICE_R9C6B        CIN0_TO_COUT0_DELAY     0.277                  9.529  2       
count/n586                                                   NET DELAY               0.000                  9.529  2       
count/counter_14_add_4_3/CI1->count/counter_14_add_4_3/CO1
                                          SLICE_R9C6B        CIN1_TO_COUT1_DELAY     0.277                  9.806  2       
count/n242                                                   NET DELAY               0.000                  9.806  2       
count/counter_14_add_4_5/CI0->count/counter_14_add_4_5/CO0
                                          SLICE_R9C6C        CIN0_TO_COUT0_DELAY     0.277                 10.083  2       
count/n589                                                   NET DELAY               0.000                 10.083  2       
count/counter_14_add_4_5/CI1->count/counter_14_add_4_5/CO1
                                          SLICE_R9C6C        CIN1_TO_COUT1_DELAY     0.277                 10.360  2       
count/n244                                                   NET DELAY               0.000                 10.360  2       
count/counter_14_add_4_7/CI0->count/counter_14_add_4_7/CO0
                                          SLICE_R9C6D        CIN0_TO_COUT0_DELAY     0.277                 10.637  2       
count/n592                                                   NET DELAY               0.000                 10.637  2       
count/counter_14_add_4_7/CI1->count/counter_14_add_4_7/CO1
                                          SLICE_R9C6D        CIN1_TO_COUT1_DELAY     0.277                 10.914  2       
count/n246                                                   NET DELAY               0.555                 11.469  2       
count/counter_14_add_4_9/CI0->count/counter_14_add_4_9/CO0
                                          SLICE_R9C7A        CIN0_TO_COUT0_DELAY     0.277                 11.746  2       
count/n595                                                   NET DELAY               0.000                 11.746  2       
count/counter_14_add_4_9/CI1->count/counter_14_add_4_9/CO1
                                          SLICE_R9C7A        CIN1_TO_COUT1_DELAY     0.277                 12.023  2       
count/n248                                                   NET DELAY               0.000                 12.023  2       
count/counter_14_add_4_11/CI0->count/counter_14_add_4_11/CO0
                                          SLICE_R9C7B        CIN0_TO_COUT0_DELAY     0.277                 12.300  2       
count/n598                                                   NET DELAY               0.000                 12.300  2       
count/counter_14_add_4_11/CI1->count/counter_14_add_4_11/CO1
                                          SLICE_R9C7B        CIN1_TO_COUT1_DELAY     0.277                 12.577  2       
count/n250                                                   NET DELAY               0.000                 12.577  2       
count/counter_14_add_4_13/CI0->count/counter_14_add_4_13/CO0
                                          SLICE_R9C7C        CIN0_TO_COUT0_DELAY     0.277                 12.854  2       
count/n601                                                   NET DELAY               0.000                 12.854  2       
count/counter_14_add_4_13/CI1->count/counter_14_add_4_13/CO1
                                          SLICE_R9C7C        CIN1_TO_COUT1_DELAY     0.277                 13.131  2       
count/n252                                                   NET DELAY               0.000                 13.131  2       
count/counter_14_add_4_15/CI0->count/counter_14_add_4_15/CO0
                                          SLICE_R9C7D        CIN0_TO_COUT0_DELAY     0.277                 13.408  2       
count/n604                                                   NET DELAY               0.000                 13.408  2       
count/counter_14_add_4_15/CI1->count/counter_14_add_4_15/CO1
                                          SLICE_R9C7D        CIN1_TO_COUT1_DELAY     0.277                 13.685  2       
count/n254                                                   NET DELAY               0.555                 14.240  2       
count/counter_14_add_4_17/CI0->count/counter_14_add_4_17/CO0
                                          SLICE_R9C8A        CIN0_TO_COUT0_DELAY     0.277                 14.517  2       
count/n607                                                   NET DELAY               0.661                 15.178  2       
count/counter_14_add_4_17/D1->count/counter_14_add_4_17/S1
                                          SLICE_R9C8A        D1_TO_F1_DELAY          0.476                 15.654  1       
count/clk_div_N_24[16]                                       NET DELAY               0.000                 15.654  1       
count/counter_14__i17/D                                      ENDPOINT                0.000                 15.654  1       


Destination Clock Path
Name                                      Cell/Site Name     Delay Name           Incr      Arrival/Required Time  Fanout  
----------------------------------------  -----------------  -------------------  --------  ---------------------  ------  
                                                             CONSTRAINT              0.000                 41.666  1       
hf_osc.osc_inst/CLKHF                     HFOSC_HFOSC_R1C32  CLOCK LATENCY           0.000                 41.666  25      
count/clk                                                    NET DELAY               5.499                 47.165  25      
{count/counter_14__i16/CK   count/counter_14__i17/CK}
                                                             CLOCK PIN               0.000                 47.165  1       
                                                             Uncertainty          -(0.000)                 47.165  
                                                             Setup time           -(0.198)                 46.967  
----------------------------------------  -----------------  -------------------  --------  ---------------------  ------  
Required Time                                                                                              46.967  
Arrival Time                                                                                            -(15.653)  
----------------------------------------  -----------------  -------------------  --------  ---------------------  ------  
Path Slack  (Passed)                                                                                       31.313  




++++ Path 10 ++++++++++++++++++++++++++++++++++++++++++++++++++++++++++ 

Path Begin       : count/counter_14__i1/Q  (SLICE_R9C6A)
Path End         : count/counter_14__i16/D  (SLICE_R9C8A)
Source Clock     : clk (R)
Destination Clock: clk (R)
Logic Level      : 17
Delay Ratio      : 38.4% (route), 61.6% (logic)
Clock Skew       : 0.000 ns 
Setup Constraint : 41.666 ns 
Path Slack       : 31.590 ns  (Passed)


Source Clock Path
Name                                      Cell/Site Name     Delay Name           Incr      Arrival/Required Time  Fanout  
----------------------------------------  -----------------  -------------------  --------  ---------------------  ------  
hf_osc.osc_inst/CLKHF                     HFOSC_HFOSC_R1C32  CLOCK LATENCY           0.000                  0.000  25      
count/clk                                                    NET DELAY               5.499                  5.499  25      
count/counter_14__i1/CK                                      CLOCK PIN               0.000                  5.499  1       


Data Path
Name                                      Cell/Site Name     Delay Name           Incr      Arrival/Required Time  Fanout  
----------------------------------------  -----------------  -------------------  --------  ---------------------  ------  
count/counter_14__i1/CK->count/counter_14__i1/Q
                                          SLICE_R9C6A        CLK_TO_Q1_DELAY         1.388                  6.887  1       
count/n18                                                    NET DELAY               2.022                  8.909  1       
count/counter_14_add_4_1/C1->count/counter_14_add_4_1/CO1
                                          SLICE_R9C6A        C1_TO_COUT1_DELAY       0.343                  9.252  2       
count/n240                                                   NET DELAY               0.000                  9.252  2       
count/counter_14_add_4_3/CI0->count/counter_14_add_4_3/CO0
                                          SLICE_R9C6B        CIN0_TO_COUT0_DELAY     0.277                  9.529  2       
count/n586                                                   NET DELAY               0.000                  9.529  2       
count/counter_14_add_4_3/CI1->count/counter_14_add_4_3/CO1
                                          SLICE_R9C6B        CIN1_TO_COUT1_DELAY     0.277                  9.806  2       
count/n242                                                   NET DELAY               0.000                  9.806  2       
count/counter_14_add_4_5/CI0->count/counter_14_add_4_5/CO0
                                          SLICE_R9C6C        CIN0_TO_COUT0_DELAY     0.277                 10.083  2       
count/n589                                                   NET DELAY               0.000                 10.083  2       
count/counter_14_add_4_5/CI1->count/counter_14_add_4_5/CO1
                                          SLICE_R9C6C        CIN1_TO_COUT1_DELAY     0.277                 10.360  2       
count/n244                                                   NET DELAY               0.000                 10.360  2       
count/counter_14_add_4_7/CI0->count/counter_14_add_4_7/CO0
                                          SLICE_R9C6D        CIN0_TO_COUT0_DELAY     0.277                 10.637  2       
count/n592                                                   NET DELAY               0.000                 10.637  2       
count/counter_14_add_4_7/CI1->count/counter_14_add_4_7/CO1
                                          SLICE_R9C6D        CIN1_TO_COUT1_DELAY     0.277                 10.914  2       
count/n246                                                   NET DELAY               0.555                 11.469  2       
count/counter_14_add_4_9/CI0->count/counter_14_add_4_9/CO0
                                          SLICE_R9C7A        CIN0_TO_COUT0_DELAY     0.277                 11.746  2       
count/n595                                                   NET DELAY               0.000                 11.746  2       
count/counter_14_add_4_9/CI1->count/counter_14_add_4_9/CO1
                                          SLICE_R9C7A        CIN1_TO_COUT1_DELAY     0.277                 12.023  2       
count/n248                                                   NET DELAY               0.000                 12.023  2       
count/counter_14_add_4_11/CI0->count/counter_14_add_4_11/CO0
                                          SLICE_R9C7B        CIN0_TO_COUT0_DELAY     0.277                 12.300  2       
count/n598                                                   NET DELAY               0.000                 12.300  2       
count/counter_14_add_4_11/CI1->count/counter_14_add_4_11/CO1
                                          SLICE_R9C7B        CIN1_TO_COUT1_DELAY     0.277                 12.577  2       
count/n250                                                   NET DELAY               0.000                 12.577  2       
count/counter_14_add_4_13/CI0->count/counter_14_add_4_13/CO0
                                          SLICE_R9C7C        CIN0_TO_COUT0_DELAY     0.277                 12.854  2       
count/n601                                                   NET DELAY               0.000                 12.854  2       
count/counter_14_add_4_13/CI1->count/counter_14_add_4_13/CO1
                                          SLICE_R9C7C        CIN1_TO_COUT1_DELAY     0.277                 13.131  2       
count/n252                                                   NET DELAY               0.000                 13.131  2       
count/counter_14_add_4_15/CI0->count/counter_14_add_4_15/CO0
                                          SLICE_R9C7D        CIN0_TO_COUT0_DELAY     0.277                 13.408  2       
count/n604                                                   NET DELAY               0.000                 13.408  2       
count/counter_14_add_4_15/CI1->count/counter_14_add_4_15/CO1
                                          SLICE_R9C7D        CIN1_TO_COUT1_DELAY     0.277                 13.685  2       
count/n254                                                   NET DELAY               1.216                 14.901  2       
count/counter_14_add_4_17/D0->count/counter_14_add_4_17/S0
                                          SLICE_R9C8A        D0_TO_F0_DELAY          0.476                 15.377  1       
count/clk_div_N_24[15]                                       NET DELAY               0.000                 15.377  1       
count/counter_14__i16/D                                      ENDPOINT                0.000                 15.377  1       


Destination Clock Path
Name                                      Cell/Site Name     Delay Name           Incr      Arrival/Required Time  Fanout  
----------------------------------------  -----------------  -------------------  --------  ---------------------  ------  
                                                             CONSTRAINT              0.000                 41.666  1       
hf_osc.osc_inst/CLKHF                     HFOSC_HFOSC_R1C32  CLOCK LATENCY           0.000                 41.666  25      
count/clk                                                    NET DELAY               5.499                 47.165  25      
{count/counter_14__i16/CK   count/counter_14__i17/CK}
                                                             CLOCK PIN               0.000                 47.165  1       
                                                             Uncertainty          -(0.000)                 47.165  
                                                             Setup time           -(0.198)                 46.967  
----------------------------------------  -----------------  -------------------  --------  ---------------------  ------  
Required Time                                                                                              46.967  
Arrival Time                                                                                            -(15.376)  
----------------------------------------  -----------------  -------------------  --------  ---------------------  ------  
Path Slack  (Passed)                                                                                       31.590  



+++++++++++++++++++++++++++++++++++++++++++++++++++++++++++++++++++++ 
                    End of Detailed Report for timing paths 
+++++++++++++++++++++++++++++++++++++++++++++++++++++++++++++++++++++ 


##########################################################



===============================================================
3  Hold at Speed Grade m Corner at -40 Degrees
===============================================================

3.1  Endpoint slacks
=======================
-------------------------------------------------------
          Listing 10 End Points          |    Slack    
-------------------------------------------------------
count/counter_14__i9/D                   |    1.913 ns 
count/counter_14__i10/D                  |    1.913 ns 
count/counter_14__i11/D                  |    1.913 ns 
count/counter_14__i12/D                  |    1.913 ns 
count/counter_14__i13/D                  |    1.913 ns 
count/counter_14__i14/D                  |    1.913 ns 
count/counter_14__i15/D                  |    1.913 ns 
count/counter_14__i16/D                  |    1.913 ns 
count/counter_14__i17/D                  |    1.913 ns 
count/counter_14__i18/D                  |    1.913 ns 
-------------------------------------------------------
                                         |             
Hold # of endpoints with negative slack: |           0 
                                         |             
-------------------------------------------------------

3.2  Detailed Report
=======================


XXXXXXXXXXXXXXXXXXXXXXXXXXXXXXXXXXXXXXXXXXXXXXXXXXXXXXXXXX

Detail report of critical paths

XXXXXXXXXXXXXXXXXXXXXXXXXXXXXXXXXXXXXXXXXXXXXXXXXXXXXXXXXX

 +++++++++++++++++++++++++++++++++++++++++++++++++++++++++++++++++++++
                    Detailed Report for timing paths 
 +++++++++++++++++++++++++++++++++++++++++++++++++++++++++++++++++++++

 ++++Path 1  ++++++++++++++++++++++++++++++++++++++++++++++++++++++++++

Path Begin       : count/counter_14__i9/Q  (SLICE_R9C7A)
Path End         : count/counter_14__i9/D  (SLICE_R9C7A)
Source Clock     : clk (R)
Destination Clock: clk (R)
Logic Level      : 2
Delay Ratio      : 46.1% (route), 53.9% (logic)
Clock Skew       : 0.000 ns 
Hold Constraint  : 0.000 ns 
Path Slack       : 1.913 ns  (Passed)


Source Clock Path
Name                                      Cell/Site Name     Delay Name       Incr   Arrival/Required Time  Fanout  
----------------------------------------  -----------------  ---------------  -----  ---------------------  ------  
hf_osc.osc_inst/CLKHF                     HFOSC_HFOSC_R1C32  CLOCK LATENCY    0.000                  0.000  26      
count/clk                                                    NET DELAY        3.084                  3.084  26      
{count/counter_14__i8/CK   count/counter_14__i9/CK}
                                                             CLOCK PIN        0.000                  3.084  1       


Data Path
Name                                      Cell/Site Name     Delay Name       Incr   Arrival/Required Time  Fanout  
----------------------------------------  -----------------  ---------------  -----  ---------------------  ------  
count/counter_14__i9/CK->count/counter_14__i9/Q
                                          SLICE_R9C7A        CLK_TO_Q1_DELAY  0.779                  3.863  1       
count/n10                                                    NET DELAY        0.882                  4.745  1       
count/counter_14_add_4_9/C1->count/counter_14_add_4_9/S1
                                          SLICE_R9C7A        C1_TO_F1_DELAY   0.252                  4.997  1       
count/clk_div_N_24[8]                                        NET DELAY        0.000                  4.997  1       
count/counter_14__i9/D                                       ENDPOINT         0.000                  4.997  1       


Destination Clock Path
Name                                      Cell/Site Name     Delay Name       Incr   Arrival/Required Time  Fanout  
----------------------------------------  -----------------  ---------------  -----  ---------------------  ------  
                                                             CONSTRAINT       0.000                  0.000  1       
hf_osc.osc_inst/CLKHF                     HFOSC_HFOSC_R1C32  CLOCK LATENCY    0.000                  0.000  26      
count/clk                                                    NET DELAY        3.084                  3.084  26      
{count/counter_14__i8/CK   count/counter_14__i9/CK}
                                                             CLOCK PIN        0.000                  3.084  1       
                                                             Uncertainty      0.000                  3.084  
                                                             Hold time        0.000                  3.084  
----------------------------------------  -----------------  ---------------  -----  ---------------------  ------  
Required Time                                                                                       -3.084  
Arrival Time                                                                                         4.997  
----------------------------------------  -----------------  ---------------  -----  ---------------------  ------  
Path Slack  (Passed)                                                                                 1.913  




++++ Path 2 ++++++++++++++++++++++++++++++++++++++++++++++++++++++++++ 

Path Begin       : count/counter_14__i10/Q  (SLICE_R9C7B)
Path End         : count/counter_14__i10/D  (SLICE_R9C7B)
Source Clock     : clk (R)
Destination Clock: clk (R)
Logic Level      : 2
Delay Ratio      : 46.1% (route), 53.9% (logic)
Clock Skew       : 0.000 ns 
Hold Constraint  : 0.000 ns 
Path Slack       : 1.913 ns  (Passed)


Source Clock Path
Name                                      Cell/Site Name     Delay Name       Incr   Arrival/Required Time  Fanout  
----------------------------------------  -----------------  ---------------  -----  ---------------------  ------  
hf_osc.osc_inst/CLKHF                     HFOSC_HFOSC_R1C32  CLOCK LATENCY    0.000                  0.000  26      
count/clk                                                    NET DELAY        3.084                  3.084  26      
{count/counter_14__i10/CK   count/counter_14__i11/CK}
                                                             CLOCK PIN        0.000                  3.084  1       


Data Path
Name                                      Cell/Site Name     Delay Name       Incr   Arrival/Required Time  Fanout  
----------------------------------------  -----------------  ---------------  -----  ---------------------  ------  
count/counter_14__i10/CK->count/counter_14__i10/Q
                                          SLICE_R9C7B        CLK_TO_Q0_DELAY  0.779                  3.863  1       
count/n9                                                     NET DELAY        0.882                  4.745  1       
count/counter_14_add_4_11/C0->count/counter_14_add_4_11/S0
                                          SLICE_R9C7B        C0_TO_F0_DELAY   0.252                  4.997  1       
count/clk_div_N_24[9]                                        NET DELAY        0.000                  4.997  1       
count/counter_14__i10/D                                      ENDPOINT         0.000                  4.997  1       


Destination Clock Path
Name                                      Cell/Site Name     Delay Name       Incr   Arrival/Required Time  Fanout  
----------------------------------------  -----------------  ---------------  -----  ---------------------  ------  
                                                             CONSTRAINT       0.000                  0.000  1       
hf_osc.osc_inst/CLKHF                     HFOSC_HFOSC_R1C32  CLOCK LATENCY    0.000                  0.000  26      
count/clk                                                    NET DELAY        3.084                  3.084  26      
{count/counter_14__i10/CK   count/counter_14__i11/CK}
                                                             CLOCK PIN        0.000                  3.084  1       
                                                             Uncertainty      0.000                  3.084  
                                                             Hold time        0.000                  3.084  
----------------------------------------  -----------------  ---------------  -----  ---------------------  ------  
Required Time                                                                                       -3.084  
Arrival Time                                                                                         4.997  
----------------------------------------  -----------------  ---------------  -----  ---------------------  ------  
Path Slack  (Passed)                                                                                 1.913  




++++ Path 3 ++++++++++++++++++++++++++++++++++++++++++++++++++++++++++ 

Path Begin       : count/counter_14__i11/Q  (SLICE_R9C7B)
Path End         : count/counter_14__i11/D  (SLICE_R9C7B)
Source Clock     : clk (R)
Destination Clock: clk (R)
Logic Level      : 2
Delay Ratio      : 46.1% (route), 53.9% (logic)
Clock Skew       : 0.000 ns 
Hold Constraint  : 0.000 ns 
Path Slack       : 1.913 ns  (Passed)


Source Clock Path
Name                                      Cell/Site Name     Delay Name       Incr   Arrival/Required Time  Fanout  
----------------------------------------  -----------------  ---------------  -----  ---------------------  ------  
hf_osc.osc_inst/CLKHF                     HFOSC_HFOSC_R1C32  CLOCK LATENCY    0.000                  0.000  26      
count/clk                                                    NET DELAY        3.084                  3.084  26      
{count/counter_14__i10/CK   count/counter_14__i11/CK}
                                                             CLOCK PIN        0.000                  3.084  1       


Data Path
Name                                      Cell/Site Name     Delay Name       Incr   Arrival/Required Time  Fanout  
----------------------------------------  -----------------  ---------------  -----  ---------------------  ------  
count/counter_14__i11/CK->count/counter_14__i11/Q
                                          SLICE_R9C7B        CLK_TO_Q1_DELAY  0.779                  3.863  1       
count/n8                                                     NET DELAY        0.882                  4.745  1       
count/counter_14_add_4_11/C1->count/counter_14_add_4_11/S1
                                          SLICE_R9C7B        C1_TO_F1_DELAY   0.252                  4.997  1       
count/clk_div_N_24[10]                                       NET DELAY        0.000                  4.997  1       
count/counter_14__i11/D                                      ENDPOINT         0.000                  4.997  1       


Destination Clock Path
Name                                      Cell/Site Name     Delay Name       Incr   Arrival/Required Time  Fanout  
----------------------------------------  -----------------  ---------------  -----  ---------------------  ------  
                                                             CONSTRAINT       0.000                  0.000  1       
hf_osc.osc_inst/CLKHF                     HFOSC_HFOSC_R1C32  CLOCK LATENCY    0.000                  0.000  26      
count/clk                                                    NET DELAY        3.084                  3.084  26      
{count/counter_14__i10/CK   count/counter_14__i11/CK}
                                                             CLOCK PIN        0.000                  3.084  1       
                                                             Uncertainty      0.000                  3.084  
                                                             Hold time        0.000                  3.084  
----------------------------------------  -----------------  ---------------  -----  ---------------------  ------  
Required Time                                                                                       -3.084  
Arrival Time                                                                                         4.997  
----------------------------------------  -----------------  ---------------  -----  ---------------------  ------  
Path Slack  (Passed)                                                                                 1.913  




++++ Path 4 ++++++++++++++++++++++++++++++++++++++++++++++++++++++++++ 

Path Begin       : count/counter_14__i12/Q  (SLICE_R9C7C)
Path End         : count/counter_14__i12/D  (SLICE_R9C7C)
Source Clock     : clk (R)
Destination Clock: clk (R)
Logic Level      : 2
Delay Ratio      : 46.1% (route), 53.9% (logic)
Clock Skew       : 0.000 ns 
Hold Constraint  : 0.000 ns 
Path Slack       : 1.913 ns  (Passed)


Source Clock Path
Name                                      Cell/Site Name     Delay Name       Incr   Arrival/Required Time  Fanout  
----------------------------------------  -----------------  ---------------  -----  ---------------------  ------  
hf_osc.osc_inst/CLKHF                     HFOSC_HFOSC_R1C32  CLOCK LATENCY    0.000                  0.000  26      
count/clk                                                    NET DELAY        3.084                  3.084  26      
{count/counter_14__i12/CK   count/counter_14__i13/CK}
                                                             CLOCK PIN        0.000                  3.084  1       


Data Path
Name                                      Cell/Site Name     Delay Name       Incr   Arrival/Required Time  Fanout  
----------------------------------------  -----------------  ---------------  -----  ---------------------  ------  
count/counter_14__i12/CK->count/counter_14__i12/Q
                                          SLICE_R9C7C        CLK_TO_Q0_DELAY  0.779                  3.863  1       
count/n7                                                     NET DELAY        0.882                  4.745  1       
count/counter_14_add_4_13/C0->count/counter_14_add_4_13/S0
                                          SLICE_R9C7C        C0_TO_F0_DELAY   0.252                  4.997  1       
count/clk_div_N_24[11]                                       NET DELAY        0.000                  4.997  1       
count/counter_14__i12/D                                      ENDPOINT         0.000                  4.997  1       


Destination Clock Path
Name                                      Cell/Site Name     Delay Name       Incr   Arrival/Required Time  Fanout  
----------------------------------------  -----------------  ---------------  -----  ---------------------  ------  
                                                             CONSTRAINT       0.000                  0.000  1       
hf_osc.osc_inst/CLKHF                     HFOSC_HFOSC_R1C32  CLOCK LATENCY    0.000                  0.000  26      
count/clk                                                    NET DELAY        3.084                  3.084  26      
{count/counter_14__i12/CK   count/counter_14__i13/CK}
                                                             CLOCK PIN        0.000                  3.084  1       
                                                             Uncertainty      0.000                  3.084  
                                                             Hold time        0.000                  3.084  
----------------------------------------  -----------------  ---------------  -----  ---------------------  ------  
Required Time                                                                                       -3.084  
Arrival Time                                                                                         4.997  
----------------------------------------  -----------------  ---------------  -----  ---------------------  ------  
Path Slack  (Passed)                                                                                 1.913  




++++ Path 5 ++++++++++++++++++++++++++++++++++++++++++++++++++++++++++ 

Path Begin       : count/counter_14__i13/Q  (SLICE_R9C7C)
Path End         : count/counter_14__i13/D  (SLICE_R9C7C)
Source Clock     : clk (R)
Destination Clock: clk (R)
Logic Level      : 2
Delay Ratio      : 46.1% (route), 53.9% (logic)
Clock Skew       : 0.000 ns 
Hold Constraint  : 0.000 ns 
Path Slack       : 1.913 ns  (Passed)


Source Clock Path
Name                                      Cell/Site Name     Delay Name       Incr   Arrival/Required Time  Fanout  
----------------------------------------  -----------------  ---------------  -----  ---------------------  ------  
hf_osc.osc_inst/CLKHF                     HFOSC_HFOSC_R1C32  CLOCK LATENCY    0.000                  0.000  26      
count/clk                                                    NET DELAY        3.084                  3.084  26      
{count/counter_14__i12/CK   count/counter_14__i13/CK}
                                                             CLOCK PIN        0.000                  3.084  1       


Data Path
Name                                      Cell/Site Name     Delay Name       Incr   Arrival/Required Time  Fanout  
----------------------------------------  -----------------  ---------------  -----  ---------------------  ------  
count/counter_14__i13/CK->count/counter_14__i13/Q
                                          SLICE_R9C7C        CLK_TO_Q1_DELAY  0.779                  3.863  1       
count/n6                                                     NET DELAY        0.882                  4.745  1       
count/counter_14_add_4_13/C1->count/counter_14_add_4_13/S1
                                          SLICE_R9C7C        C1_TO_F1_DELAY   0.252                  4.997  1       
count/clk_div_N_24[12]                                       NET DELAY        0.000                  4.997  1       
count/counter_14__i13/D                                      ENDPOINT         0.000                  4.997  1       


Destination Clock Path
Name                                      Cell/Site Name     Delay Name       Incr   Arrival/Required Time  Fanout  
----------------------------------------  -----------------  ---------------  -----  ---------------------  ------  
                                                             CONSTRAINT       0.000                  0.000  1       
hf_osc.osc_inst/CLKHF                     HFOSC_HFOSC_R1C32  CLOCK LATENCY    0.000                  0.000  26      
count/clk                                                    NET DELAY        3.084                  3.084  26      
{count/counter_14__i12/CK   count/counter_14__i13/CK}
                                                             CLOCK PIN        0.000                  3.084  1       
                                                             Uncertainty      0.000                  3.084  
                                                             Hold time        0.000                  3.084  
----------------------------------------  -----------------  ---------------  -----  ---------------------  ------  
Required Time                                                                                       -3.084  
Arrival Time                                                                                         4.997  
----------------------------------------  -----------------  ---------------  -----  ---------------------  ------  
Path Slack  (Passed)                                                                                 1.913  




++++ Path 6 ++++++++++++++++++++++++++++++++++++++++++++++++++++++++++ 

Path Begin       : count/counter_14__i14/Q  (SLICE_R9C7D)
Path End         : count/counter_14__i14/D  (SLICE_R9C7D)
Source Clock     : clk (R)
Destination Clock: clk (R)
Logic Level      : 2
Delay Ratio      : 46.1% (route), 53.9% (logic)
Clock Skew       : 0.000 ns 
Hold Constraint  : 0.000 ns 
Path Slack       : 1.913 ns  (Passed)


Source Clock Path
Name                                      Cell/Site Name     Delay Name       Incr   Arrival/Required Time  Fanout  
----------------------------------------  -----------------  ---------------  -----  ---------------------  ------  
hf_osc.osc_inst/CLKHF                     HFOSC_HFOSC_R1C32  CLOCK LATENCY    0.000                  0.000  26      
count/clk                                                    NET DELAY        3.084                  3.084  26      
{count/counter_14__i14/CK   count/counter_14__i15/CK}
                                                             CLOCK PIN        0.000                  3.084  1       


Data Path
Name                                      Cell/Site Name     Delay Name       Incr   Arrival/Required Time  Fanout  
----------------------------------------  -----------------  ---------------  -----  ---------------------  ------  
count/counter_14__i14/CK->count/counter_14__i14/Q
                                          SLICE_R9C7D        CLK_TO_Q0_DELAY  0.779                  3.863  1       
count/n5                                                     NET DELAY        0.882                  4.745  1       
count/counter_14_add_4_15/C0->count/counter_14_add_4_15/S0
                                          SLICE_R9C7D        C0_TO_F0_DELAY   0.252                  4.997  1       
count/clk_div_N_24[13]                                       NET DELAY        0.000                  4.997  1       
count/counter_14__i14/D                                      ENDPOINT         0.000                  4.997  1       


Destination Clock Path
Name                                      Cell/Site Name     Delay Name       Incr   Arrival/Required Time  Fanout  
----------------------------------------  -----------------  ---------------  -----  ---------------------  ------  
                                                             CONSTRAINT       0.000                  0.000  1       
hf_osc.osc_inst/CLKHF                     HFOSC_HFOSC_R1C32  CLOCK LATENCY    0.000                  0.000  26      
count/clk                                                    NET DELAY        3.084                  3.084  26      
{count/counter_14__i14/CK   count/counter_14__i15/CK}
                                                             CLOCK PIN        0.000                  3.084  1       
                                                             Uncertainty      0.000                  3.084  
                                                             Hold time        0.000                  3.084  
----------------------------------------  -----------------  ---------------  -----  ---------------------  ------  
Required Time                                                                                       -3.084  
Arrival Time                                                                                         4.997  
----------------------------------------  -----------------  ---------------  -----  ---------------------  ------  
Path Slack  (Passed)                                                                                 1.913  




++++ Path 7 ++++++++++++++++++++++++++++++++++++++++++++++++++++++++++ 

Path Begin       : count/counter_14__i15/Q  (SLICE_R9C7D)
Path End         : count/counter_14__i15/D  (SLICE_R9C7D)
Source Clock     : clk (R)
Destination Clock: clk (R)
Logic Level      : 2
Delay Ratio      : 46.1% (route), 53.9% (logic)
Clock Skew       : 0.000 ns 
Hold Constraint  : 0.000 ns 
Path Slack       : 1.913 ns  (Passed)


Source Clock Path
Name                                      Cell/Site Name     Delay Name       Incr   Arrival/Required Time  Fanout  
----------------------------------------  -----------------  ---------------  -----  ---------------------  ------  
hf_osc.osc_inst/CLKHF                     HFOSC_HFOSC_R1C32  CLOCK LATENCY    0.000                  0.000  26      
count/clk                                                    NET DELAY        3.084                  3.084  26      
{count/counter_14__i14/CK   count/counter_14__i15/CK}
                                                             CLOCK PIN        0.000                  3.084  1       


Data Path
Name                                      Cell/Site Name     Delay Name       Incr   Arrival/Required Time  Fanout  
----------------------------------------  -----------------  ---------------  -----  ---------------------  ------  
count/counter_14__i15/CK->count/counter_14__i15/Q
                                          SLICE_R9C7D        CLK_TO_Q1_DELAY  0.779                  3.863  1       
count/n4                                                     NET DELAY        0.882                  4.745  1       
count/counter_14_add_4_15/C1->count/counter_14_add_4_15/S1
                                          SLICE_R9C7D        C1_TO_F1_DELAY   0.252                  4.997  1       
count/clk_div_N_24[14]                                       NET DELAY        0.000                  4.997  1       
count/counter_14__i15/D                                      ENDPOINT         0.000                  4.997  1       


Destination Clock Path
Name                                      Cell/Site Name     Delay Name       Incr   Arrival/Required Time  Fanout  
----------------------------------------  -----------------  ---------------  -----  ---------------------  ------  
                                                             CONSTRAINT       0.000                  0.000  1       
hf_osc.osc_inst/CLKHF                     HFOSC_HFOSC_R1C32  CLOCK LATENCY    0.000                  0.000  26      
count/clk                                                    NET DELAY        3.084                  3.084  26      
{count/counter_14__i14/CK   count/counter_14__i15/CK}
                                                             CLOCK PIN        0.000                  3.084  1       
                                                             Uncertainty      0.000                  3.084  
                                                             Hold time        0.000                  3.084  
----------------------------------------  -----------------  ---------------  -----  ---------------------  ------  
Required Time                                                                                       -3.084  
Arrival Time                                                                                         4.997  
----------------------------------------  -----------------  ---------------  -----  ---------------------  ------  
Path Slack  (Passed)                                                                                 1.913  




++++ Path 8 ++++++++++++++++++++++++++++++++++++++++++++++++++++++++++ 

Path Begin       : count/counter_14__i16/Q  (SLICE_R9C8A)
Path End         : count/counter_14__i16/D  (SLICE_R9C8A)
Source Clock     : clk (R)
Destination Clock: clk (R)
Logic Level      : 2
Delay Ratio      : 46.1% (route), 53.9% (logic)
Clock Skew       : 0.000 ns 
Hold Constraint  : 0.000 ns 
Path Slack       : 1.913 ns  (Passed)


Source Clock Path
Name                                      Cell/Site Name     Delay Name       Incr   Arrival/Required Time  Fanout  
----------------------------------------  -----------------  ---------------  -----  ---------------------  ------  
hf_osc.osc_inst/CLKHF                     HFOSC_HFOSC_R1C32  CLOCK LATENCY    0.000                  0.000  26      
count/clk                                                    NET DELAY        3.084                  3.084  26      
{count/counter_14__i16/CK   count/counter_14__i17/CK}
                                                             CLOCK PIN        0.000                  3.084  1       


Data Path
Name                                      Cell/Site Name     Delay Name       Incr   Arrival/Required Time  Fanout  
----------------------------------------  -----------------  ---------------  -----  ---------------------  ------  
count/counter_14__i16/CK->count/counter_14__i16/Q
                                          SLICE_R9C8A        CLK_TO_Q0_DELAY  0.779                  3.863  1       
count/n3                                                     NET DELAY        0.882                  4.745  1       
count/counter_14_add_4_17/C0->count/counter_14_add_4_17/S0
                                          SLICE_R9C8A        C0_TO_F0_DELAY   0.252                  4.997  1       
count/clk_div_N_24[15]                                       NET DELAY        0.000                  4.997  1       
count/counter_14__i16/D                                      ENDPOINT         0.000                  4.997  1       


Destination Clock Path
Name                                      Cell/Site Name     Delay Name       Incr   Arrival/Required Time  Fanout  
----------------------------------------  -----------------  ---------------  -----  ---------------------  ------  
                                                             CONSTRAINT       0.000                  0.000  1       
hf_osc.osc_inst/CLKHF                     HFOSC_HFOSC_R1C32  CLOCK LATENCY    0.000                  0.000  26      
count/clk                                                    NET DELAY        3.084                  3.084  26      
{count/counter_14__i16/CK   count/counter_14__i17/CK}
                                                             CLOCK PIN        0.000                  3.084  1       
                                                             Uncertainty      0.000                  3.084  
                                                             Hold time        0.000                  3.084  
----------------------------------------  -----------------  ---------------  -----  ---------------------  ------  
Required Time                                                                                       -3.084  
Arrival Time                                                                                         4.997  
----------------------------------------  -----------------  ---------------  -----  ---------------------  ------  
Path Slack  (Passed)                                                                                 1.913  




++++ Path 9 ++++++++++++++++++++++++++++++++++++++++++++++++++++++++++ 

Path Begin       : count/counter_14__i17/Q  (SLICE_R9C8A)
Path End         : count/counter_14__i17/D  (SLICE_R9C8A)
Source Clock     : clk (R)
Destination Clock: clk (R)
Logic Level      : 2
Delay Ratio      : 46.1% (route), 53.9% (logic)
Clock Skew       : 0.000 ns 
Hold Constraint  : 0.000 ns 
Path Slack       : 1.913 ns  (Passed)


Source Clock Path
Name                                      Cell/Site Name     Delay Name       Incr   Arrival/Required Time  Fanout  
----------------------------------------  -----------------  ---------------  -----  ---------------------  ------  
hf_osc.osc_inst/CLKHF                     HFOSC_HFOSC_R1C32  CLOCK LATENCY    0.000                  0.000  26      
count/clk                                                    NET DELAY        3.084                  3.084  26      
{count/counter_14__i16/CK   count/counter_14__i17/CK}
                                                             CLOCK PIN        0.000                  3.084  1       


Data Path
Name                                      Cell/Site Name     Delay Name       Incr   Arrival/Required Time  Fanout  
----------------------------------------  -----------------  ---------------  -----  ---------------------  ------  
count/counter_14__i17/CK->count/counter_14__i17/Q
                                          SLICE_R9C8A        CLK_TO_Q1_DELAY  0.779                  3.863  1       
count/n2                                                     NET DELAY        0.882                  4.745  1       
count/counter_14_add_4_17/C1->count/counter_14_add_4_17/S1
                                          SLICE_R9C8A        C1_TO_F1_DELAY   0.252                  4.997  1       
count/clk_div_N_24[16]                                       NET DELAY        0.000                  4.997  1       
count/counter_14__i17/D                                      ENDPOINT         0.000                  4.997  1       


Destination Clock Path
Name                                      Cell/Site Name     Delay Name       Incr   Arrival/Required Time  Fanout  
----------------------------------------  -----------------  ---------------  -----  ---------------------  ------  
                                                             CONSTRAINT       0.000                  0.000  1       
hf_osc.osc_inst/CLKHF                     HFOSC_HFOSC_R1C32  CLOCK LATENCY    0.000                  0.000  26      
count/clk                                                    NET DELAY        3.084                  3.084  26      
{count/counter_14__i16/CK   count/counter_14__i17/CK}
                                                             CLOCK PIN        0.000                  3.084  1       
                                                             Uncertainty      0.000                  3.084  
                                                             Hold time        0.000                  3.084  
----------------------------------------  -----------------  ---------------  -----  ---------------------  ------  
Required Time                                                                                       -3.084  
Arrival Time                                                                                         4.997  
----------------------------------------  -----------------  ---------------  -----  ---------------------  ------  
Path Slack  (Passed)                                                                                 1.913  




++++ Path 10 ++++++++++++++++++++++++++++++++++++++++++++++++++++++++++ 

Path Begin       : count/counter_14__i18/Q  (SLICE_R9C8B)
Path End         : count/counter_14__i18/D  (SLICE_R9C8B)
Source Clock     : clk (R)
Destination Clock: clk (R)
Logic Level      : 2
Delay Ratio      : 46.1% (route), 53.9% (logic)
Clock Skew       : 0.000 ns 
Hold Constraint  : 0.000 ns 
Path Slack       : 1.913 ns  (Passed)


Source Clock Path
Name                                      Cell/Site Name     Delay Name       Incr   Arrival/Required Time  Fanout  
----------------------------------------  -----------------  ---------------  -----  ---------------------  ------  
hf_osc.osc_inst/CLKHF                     HFOSC_HFOSC_R1C32  CLOCK LATENCY    0.000                  0.000  26      
count/clk                                                    NET DELAY        3.084                  3.084  26      
count/counter_14__i18/CK                                     CLOCK PIN        0.000                  3.084  1       


Data Path
Name                                      Cell/Site Name     Delay Name       Incr   Arrival/Required Time  Fanout  
----------------------------------------  -----------------  ---------------  -----  ---------------------  ------  
count/counter_14__i18/CK->count/counter_14__i18/Q
                                          SLICE_R9C8B        CLK_TO_Q0_DELAY  0.779                  3.863  7       
driver/mux0/clk_div                                          NET DELAY        0.882                  4.745  7       
count/counter_14_add_4_19/C0->count/counter_14_add_4_19/S0
                                          SLICE_R9C8B        C0_TO_F0_DELAY   0.252                  4.997  1       
count/clk_div_N_24[17]                                       NET DELAY        0.000                  4.997  1       
count/counter_14__i18/D                                      ENDPOINT         0.000                  4.997  1       


Destination Clock Path
Name                                      Cell/Site Name     Delay Name       Incr   Arrival/Required Time  Fanout  
----------------------------------------  -----------------  ---------------  -----  ---------------------  ------  
                                                             CONSTRAINT       0.000                  0.000  1       
hf_osc.osc_inst/CLKHF                     HFOSC_HFOSC_R1C32  CLOCK LATENCY    0.000                  0.000  26      
count/clk                                                    NET DELAY        3.084                  3.084  26      
count/counter_14__i18/CK                                     CLOCK PIN        0.000                  3.084  1       
                                                             Uncertainty      0.000                  3.084  
                                                             Hold time        0.000                  3.084  
----------------------------------------  -----------------  ---------------  -----  ---------------------  ------  
Required Time                                                                                       -3.084  
Arrival Time                                                                                         4.997  
----------------------------------------  -----------------  ---------------  -----  ---------------------  ------  
Path Slack  (Passed)                                                                                 1.913  



+++++++++++++++++++++++++++++++++++++++++++++++++++++++++++++++++++++ 
                    End of Detailed Report for timing paths 
+++++++++++++++++++++++++++++++++++++++++++++++++++++++++++++++++++++ 


##########################################################



